// Jest Snapshot v1, https://goo.gl/fbAQLP

exports[`renders correctly 1`] = `
<TextInput
  style={
    Array [
      Object {
        "alignItems": "center",
        "borderRadius": 4,
        "color": "white",
        "display": "flex",
        "fontFamily": "Roboto",
        "fontSize": 16,
        "fontStyle": "normal",
        "fontWeight": "normal",
        "height": 48,
        "textAlign": "center",
        "width": 290,
      },
    ]
  }
/>
`;
