// Jest Snapshot v1, https://goo.gl/fbAQLP

exports[`renders correctly 1`] = `
<Modal
  hardwareAccelerated={false}
  style={
    Array [
      Object {
        "flexBasis": 0,
        "flexGrow": 1,
        "flexShrink": 1,
      },
    ]
  }
  visible={true}
>
  <View
    style={
      Array [
        Object {
          "alignItems": "center",
          "backgroundColor": "#0050F0",
          "flexBasis": 0,
          "flexGrow": 1,
          "flexShrink": 1,
          "justifyContent": "center",
        },
      ]
    }
  >
    <View
      style={
        Array [
          Object {
            "height": 45,
            "left": 104,
            "position": "absolute",
            "top": 96,
            "width": 152,
          },
        ]
      }
    >
      <Image
        source={
          Object {
            "testUri": "../../../src/components/LogoNegativo/Logo-negativo.png",
          }
        }
        style={
          Array [
            Object {
              "height": 45,
              "width": 152,
            },
          ]
        }
      />
    </View>
    <ActivityIndicator
      animating={true}
      color="#FFF"
      size={35}
    />
  </View>
</Modal>
`;
