// Jest Snapshot v1, https://goo.gl/fbAQLP

exports[`renders correctly 1`] = `
<RCTSafeAreaView
  emulateUnlessSupported={true}
  style={
    Array [
      Object {
        "backgroundColor": "#FFF",
        "flexBasis": 0,
        "flexGrow": 1,
        "flexShrink": 1,
      },
    ]
  }
>
  <Image
    resizeMode="contain"
    source={
      Object {
        "testUri": "../../../src/components/SanarLogo/logo-sanar.png",
      }
    }
    style={
      Array [
        Object {
          "height": 45,
          "left": 104,
          "position": "absolute",
          "top": 64,
          "width": 152,
        },
      ]
    }
  />
  <Text
    style={
      Array [
        Object {
          "alignItems": "center",
          "color": "#121313",
          "display": "flex",
          "fontFamily": "Red Hat Display",
          "fontSize": 20,
          "fontStyle": "normal",
          "fontWeight": "bold",
          "height": 55,
          "left": 16,
          "position": "absolute",
          "textAlign": "center",
          "top": 141,
          "width": 328,
        },
      ]
    }
  >
    Temos uma solução para cada etapa da sua carreira na medicina
  </Text>
  <Text
    style={
      Array [
        Object {
          "fontFamily": "Red Hat Display",
          "fontSize": 14,
          "fontStyle": "normal",
          "fontWeight": "normal",
          "height": 44,
          "left": 16,
          "position": "absolute",
          "textAlign": "center",
          "top": 212,
          "width": 328,
        },
      ]
    }
  >
    Existimos para te ajudar em cada passo dessa incrível missão de cuidar de vidas.
  </Text>
  <Image
    resizeMode="contain"
    source={
      Object {
        "testUri": "../../../src/components/SanarLogo/illustration.png",
      }
    }
    style={
      Array [
        Object {
          "height": 202,
          "position": "absolute",
          "top": 280,
          "width": 360,
        },
      ]
    }
  />
  <View
    accessible={true}
    collapsable={false}
    focusable={false}
    onClick={[Function]}
    onResponderGrant={[Function]}
    onResponderMove={[Function]}
    onResponderRelease={[Function]}
    onResponderTerminate={[Function]}
    onResponderTerminationRequest={[Function]}
    onStartShouldSetResponder={[Function]}
    style={
      Object {
        "alignItems": "center",
        "backgroundColor": "#0050F0",
        "borderRadius": 4,
        "height": 48,
        "justifyContent": "center",
        "left": 24,
        "opacity": 1,
        "position": "absolute",
        "top": 552,
        "width": 312,
      }
    }
  >
    <Text
      style={
        Array [
          Object {
            "color": "#FFF",
            "fontFamily": "Roboto",
            "fontSize": 16,
            "fontStyle": "normal",
            "fontWeight": "500",
          },
        ]
      }
    >
      Começar Agora
    </Text>
  </View>
</RCTSafeAreaView>
`;
